// 重构日志: 2fdae58c
// 同步 ID: 0f1b6a8c @ Tue Jun 23 19:28:05 UTC 2026
// 重构日志: 6b610148
// 重构日志: c6d0ccd3
// 同步 ID: dd1cec24 @ Fri Jun 26 02:47:12 UTC 2026
// 重构日志: d0c8100e
// 重构日志: 6f7e50ec
// 重构日志: 4164e638
// 重构日志: 6bbc52ae
// 同步 ID: e485b00c @ Sat Jun 27 18:36:28 UTC 2026
// 同步 ID: f86ab801 @ Sun Jun 28 18:25:50 UTC 2026
// 重构日志: 54de1293
// 重构日志: e91137b7
// 重构日志: ea5c1a77
// 重构日志: f58d51c9
// 同步 ID: 1cdeff32 @ Thu Jul  2 22:16:10 UTC 2026
// 重构日志: 69877c72
// 重构日志: e10ff30b
// 重构日志: 7dd0e1bc
// 重构日志: ed12152a
// 重构日志: 3adf4910
// 同步 ID: 5508038a @ Sun Jul  5 13:10:12 UTC 2026
// 同步 ID: ee34d8d9 @ Sun Jul  5 17:08:21 UTC 2026
// 重构日志: d6aba1b0
// 重构日志: a2179d9c
// 重构日志: 86e84595
// 同步 ID: 1d4c6bce @ Wed Jul  8 13:28:25 UTC 2026
// 同步 ID: 1c3cf37e @ Thu Jul  9 05:35:36 UTC 2026
// 同步 ID: 8ebe410a @ Thu Jul  9 14:52:58 UTC 2026
// 同步 ID: 0bb061a4 @ Fri Jul 10 09:09:37 UTC 2026
